    root@polystudent-virtual-machine:~# 
Display all 1823 possibilities? (y or n)
root@polystudent-virtual-machine:~# nano /etc/passwd
root@polystudent-virtual-machine:~# nano /etc/shadow
root@polystudent-virtual-machine:~# nano /etc/passwd
root@polystudent-virtual-machine:~# nano /etc/group
root@polystudent-virtual-machine:~# adduser
adduser: 하나 혹은 두 개의 이름만 지정할 수 있습니다.
root@polystudent-virtual-machine:~# aduser
명령어 'aduser' 을(를) 찾을 수 없습니다. 다음 명령어로 시도하시겠습니까:
  deb adduseradduser의 명령어 ' (3.118ubuntu5)'
Try: apt install <deb name>
root@polystudent-virtual-machine:~# adduser
adduser: 하나 혹은 두 개의 이름만 지정할 수 있습니다.
root@polystudent-virtual-machine:~# 
root@polystudent-virtual-machine:~# 
root@polystudent-virtual-machine:~# adduser poly1
'poly1' 사용자를 추가 중...
새 그룹 'poly1' (1001) 추가 ...
새 사용자 'poly1' (1001) 을(를) 그룹 'poly1' (으)로 추가 ...
'/home/poly1' 홈 디렉터리를 생성하는 중...
'/etc/skel'에서 파일들을 복사하는 중...
새 암호: 
잘못된 비밀번호: 암호가 없습니다
새 암호 재입력: 
암호를 입력하지 않았습니다.
암호: 인증 토근 수정 오류
passwd: 암호를 바꿨습니다
다시 할까요? [y/N] y
새 암호: 
잘못된 비밀번호: 암호는 8 개의 문자 보다 짧습니다
새 암호 재입력: 
passwd: 암호를 성공적으로 업데이트했습니다
poly1의 사용자의 정보를 바꿉니다
새로운 값을 넣거나, 기본값을 원하시면 엔터를 치세요
	이름 []: polytech1
	방 번호 []: 509
	직장 전화번호 []: 02-000-0000
	집 전화번호 []: 02-000-0000
	기타 []: student
정보가 올바릅니까? [Y/n] y
root@polystudent-virtual-machine:~# nano /etc/passwd
root@polystudent-virtual-machine:~# adduser --uid 1111 poly2
'poly2' 사용자를 추가 중...
새 그룹 'poly2' (1111) 추가 ...
새 사용자 'poly2' (1111) 을(를) 그룹 'poly2' (으)로 추가 ...
'/home/poly2' 홈 디렉터리를 생성하는 중...
'/etc/skel'에서 파일들을 복사하는 중...
새 암호: 
잘못된 비밀번호: 암호는 8 개의 문자 보다 짧습니다
새 암호 재입력: 
passwd: 암호를 성공적으로 업데이트했습니다
poly2의 사용자의 정보를 바꿉니다
새로운 값을 넣거나, 기본값을 원하시면 엔터를 치세요
	이름 []: 
	방 번호 []: 
	직장 전화번호 []: 
	집 전화번호 []: 
	기타 []: 
정보가 올바릅니까? [Y/n] 
.root@polystudent-virtual-machine:~# nano /etc/passwd
root@polystudent-virtual-machine:~# adduser --gid poly3
Value "poly3" invalid for option gid (number expected)
adduser [--home DIR] [--shell SHELL] [--no-create-home] [--uid ID]
[--firstuid ID] [--lastuid ID] [--gecos GECOS] [--ingroup GROUP | --gid ID]
[--disabled-password] [--disabled-login] [--add_extra_groups]
[--encrypt-home] USER
   일반 사용자를 추가합니다

adduser --system [--home DIR] [--shell SHELL] [--no-create-home] [--uid ID]
[--gecos GECOS] [--group | --ingroup GROUP | --gid ID] [--disabled-password]
[--disabled-login] [--add_extra_groups] USER
   시스템 사용자를 추가합니다

adduser --group [--gid ID] GROUP
addgroup [--gid ID] GROUP
   사용자 그룹을 추가합니다

addgroup --system [--gid ID] GROUP
   시스템 그룹을 추가합니다

adduser USER GROUP
   존재하는 사용자를 존재하는 그룹에 추가합니다

일반 옵션:
  --quiet | -q      실행 정보를 표준 출력으로 내보내지 않습니다
  --force-badname   NAME_REGEX[_SYSTEM] 구성 변수애
                    맞지 않는 사용자명을 허용합니다
  --extrausers      기타 사용자를 데이터베이스로 사용합니다
  --help | -h       사용법 메시지
  --version | -v    버전 숫자와 저작권
  --conf | -c FILE  FILE을 구성 파일로 사용합니다

root@polystudent-virtual-machine:~# adduser 1000 --gid poly3
Value "poly3" invalid for option gid (number expected)
adduser [--home DIR] [--shell SHELL] [--no-create-home] [--uid ID]
[--firstuid ID] [--lastuid ID] [--gecos GECOS] [--ingroup GROUP | --gid ID]
[--disabled-password] [--disabled-login] [--add_extra_groups]
[--encrypt-home] USER
   일반 사용자를 추가합니다

adduser --system [--home DIR] [--shell SHELL] [--no-create-home] [--uid ID]
[--gecos GECOS] [--group | --ingroup GROUP | --gid ID] [--disabled-password]
[--disabled-login] [--add_extra_groups] USER
   시스템 사용자를 추가합니다

adduser --group [--gid ID] GROUP
addgroup [--gid ID] GROUP
   사용자 그룹을 추가합니다

addgroup --system [--gid ID] GROUP
   시스템 그룹을 추가합니다

adduser USER GROUP
   존재하는 사용자를 존재하는 그룹에 추가합니다

일반 옵션:
  --quiet | -q      실행 정보를 표준 출력으로 내보내지 않습니다
  --force-badname   NAME_REGEX[_SYSTEM] 구성 변수애
                    맞지 않는 사용자명을 허용합니다
  --extrausers      기타 사용자를 데이터베이스로 사용합니다
  --help | -h       사용법 메시지
  --version | -v    버전 숫자와 저작권
  --conf | -c FILE  FILE을 구성 파일로 사용합니다

root@polystudent-virtual-machine:~# adduser 1000 --gid poly3
Value "poly3" invalid for option gid (number expected)
adduser [--home DIR] [--shell SHELL] [--no-create-home] [--uid ID]
[--firstuid ID] [--lastuid ID] [--gecos GECOS] [--ingroup GROUP | --gid ID]
[--disabled-password] [--disabled-login] [--add_extra_groups]
[--encrypt-home] USER
   일반 사용자를 추가합니다

adduser --system [--home DIR] [--shell SHELL] [--no-create-home] [--uid ID]
[--gecos GECOS] [--group | --ingroup GROUP | --gid ID] [--disabled-password]
[--disabled-login] [--add_extra_groups] USER
   시스템 사용자를 추가합니다

adduser --group [--gid ID] GROUP
addgroup [--gid ID] GROUP
   사용자 그룹을 추가합니다

addgroup --system [--gid ID] GROUP
   시스템 그룹을 추가합니다

adduser USER GROUP
   존재하는 사용자를 존재하는 그룹에 추가합니다

일반 옵션:
  --quiet | -q      실행 정보를 표준 출력으로 내보내지 않습니다
  --force-badname   NAME_REGEX[_SYSTEM] 구성 변수애
                    맞지 않는 사용자명을 허용합니다
  --extrausers      기타 사용자를 데이터베이스로 사용합니다
  --help | -h       사용법 메시지
  --version | -v    버전 숫자와 저작권
  --conf | -c FILE  FILE을 구성 파일로 사용합니다

root@polystudent-virtual-machine:~# adduser --gid 1000 poly3
'poly3' 사용자를 추가 중...
새 사용자 'poly3' (1002) 을(를) 그룹 'polystudent' (으)로 추가 ...
'/home/poly3' 홈 디렉터리를 생성하는 중...
'/etc/skel'에서 파일들을 복사하는 중...
새 암호: 
잘못된 비밀번호: 암호는 8 개의 문자 보다 짧습니다
새 암호 재입력: 
passwd: 암호를 성공적으로 업데이트했습니다
poly3의 사용자의 정보를 바꿉니다
새로운 값을 넣거나, 기본값을 원하시면 엔터를 치세요
	이름 []: 
	방 번호 []: 
	직장 전화번호 []: 
	집 전화번호 []: 
	기타 []: 
정보가 올바릅니까? [Y/n] y
root@polystudent-virtual-machine:~# tail /etc/passwd
colord:x:123:130:colord colour management daemon,,,:/var/lib/colord:/usr/sbin/nologin
geoclue:x:124:131::/var/lib/geoclue:/usr/sbin/nologin
pulse:x:125:132:PulseAudio daemon,,,:/run/pulse:/usr/sbin/nologin
gnome-initial-setup:x:126:65534::/run/gnome-initial-setup/:/bin/false
hplip:x:127:7:HPLIP system user,,,:/run/hplip:/bin/false
gdm:x:128:134:Gnome Display Manager:/var/lib/gdm3:/bin/false
polystudent:x:1000:1000:polystudent,,,:/home/polystudent:/bin/bash
poly1:x:1001:1001:polytech1,509,02-000-0000,02-000-0000,student:/home/poly1:/bin/bash
poly2:x:1111:1111:,,,:/home/poly2:/bin/bash
poly3:x:1002:1000:,,,:/home/poly3:/bin/bash
root@polystudent-virtual-machine:~# adduser --home /newhome poly4
'poly4' 사용자를 추가 중...
새 그룹 'poly4' (1002) 추가 ...
새 사용자 'poly4' (1003) 을(를) 그룹 'poly4' (으)로 추가 ...
'/newhome' 홈 디렉터리를 생성하는 중...
'/etc/skel'에서 파일들을 복사하는 중...
새 암호: 
잘못된 비밀번호: 암호는 8 개의 문자 보다 짧습니다
새 암호 재입력: 
passwd: 암호를 성공적으로 업데이트했습니다
poly4의 사용자의 정보를 바꿉니다
새로운 값을 넣거나, 기본값을 원하시면 엔터를 치세요
	이름 []: 
	방 번호 []: 
	직장 전화번호 []: 
	집 전화번호 []: 
	기타 []: 
정보가 올바릅니까? [Y/n] y 
root@polystudent-virtual-machine:~# login poly4
암호: 
Welcome to Ubuntu 22.04.2 LTS (GNU/Linux 5.19.0-35-generic x86_64)

 * Documentation:  https://help.ubuntu.com
 * Management:     https://landscape.canonical.com
 * Support:        https://ubuntu.com/advantage

 * Introducing Expanded Security Maintenance for Applications.
   Receive updates to over 25,000 software packages with your
   Ubuntu Pro subscription. Free for personal use.

     https://ubuntu.com/pro

Expanded Security Maintenance for Applications is not enabled.

0 updates can be applied immediately.

Enable ESM Apps to receive additional future security updates.
See https://ubuntu.com/esm or run: sudo pro status


The list of available updates is more than a week old.
To check for new updates run: sudo apt update

The programs included with the Ubuntu system are free software;
the exact distribution terms for each program are described in the
individual files in /usr/share/doc/*/copyright.

Ubuntu comes with ABSOLUTELY NO WARRANTY, to the extent permitted by
applicable law.

poly4@polystudent-virtual-machine:~$ logout
root@polystudent-virtual-machine:~# adduser --shell /bin/csh poly5
'poly5' 사용자를 추가 중...
새 그룹 'poly5' (1003) 추가 ...
새 사용자 'poly5' (1004) 을(를) 그룹 'poly5' (으)로 추가 ...
useradd: Warning: missing or non-executable shell '/bin/csh'
'/home/poly5' 홈 디렉터리를 생성하는 중...
'/etc/skel'에서 파일들을 복사하는 중...
새 암호: 
잘못된 비밀번호: 암호는 8 개의 문자 보다 짧습니다
새 암호 재입력: 
passwd: 암호를 성공적으로 업데이트했습니다
poly5의 사용자의 정보를 바꿉니다
새로운 값을 넣거나, 기본값을 원하시면 엔터를 치세요
	이름 []: 
	방 번호 []: 
	직장 전화번호 []: 
	집 전화번호 []: 
	기타 []: 
정보가 올바릅니까? [Y/n] y
root@polystudent-virtual-machine:~# login poly5
암호: 
Welcome to Ubuntu 22.04.2 LTS (GNU/Linux 5.19.0-35-generic x86_64)

 * Documentation:  https://help.ubuntu.com
 * Management:     https://landscape.canonical.com
 * Support:        https://ubuntu.com/advantage

 * Introducing Expanded Security Maintenance for Applications.
   Receive updates to over 25,000 software packages with your
   Ubuntu Pro subscription. Free for personal use.

     https://ubuntu.com/pro

Expanded Security Maintenance for Applications is not enabled.

0 updates can be applied immediately.

Enable ESM Apps to receive additional future security updates.
See https://ubuntu.com/esm or run: sudo pro status


The list of available updates is more than a week old.
To check for new updates run: sudo apt update

The programs included with the Ubuntu system are free software;
the exact distribution terms for each program are described in the
individual files in /usr/share/doc/*/copyright.

Ubuntu comes with ABSOLUTELY NO WARRANTY, to the extent permitted by
applicable law.

/bin/csh을(를) 실행할 수 없습니다: 그런 파일이나 디렉터리가 없습니다
root@polystudent-virtual-machine:~# login poly5
암호: 
Welcome to Ubuntu 22.04.2 LTS (GNU/Linux 5.19.0-35-generic x86_64)

 * Documentation:  https://help.ubuntu.com
 * Management:     https://landscape.canonical.com
 * Support:        https://ubuntu.com/advantage

 * Introducing Expanded Security Maintenance for Applications.
   Receive updates to over 25,000 software packages with your
   Ubuntu Pro subscription. Free for personal use.

     https://ubuntu.com/pro

Expanded Security Maintenance for Applications is not enabled.

0 updates can be applied immediately.

Enable ESM Apps to receive additional future security updates.
See https://ubuntu.com/esm or run: sudo pro status


The list of available updates is more than a week old.
To check for new updates run: sudo apt update
마지막 로그인: 화  5월  2 10:20:10 KST 2023 일시 pts/0
/bin/csh을(를) 실행할 수 없습니다: 그런 파일이나 디렉터리가 없습니다
root@polystudent-virtual-machine:~# tail /etc/passwd
pulse:x:125:132:PulseAudio daemon,,,:/run/pulse:/usr/sbin/nologin
gnome-initial-setup:x:126:65534::/run/gnome-initial-setup/:/bin/false
hplip:x:127:7:HPLIP system user,,,:/run/hplip:/bin/false
gdm:x:128:134:Gnome Display Manager:/var/lib/gdm3:/bin/false
polystudent:x:1000:1000:polystudent,,,:/home/polystudent:/bin/bash
poly1:x:1001:1001:polytech1,509,02-000-0000,02-000-0000,student:/home/poly1:/bin/bash
poly2:x:1111:1111:,,,:/home/poly2:/bin/bash
poly3:x:1002:1000:,,,:/home/poly3:/bin/bash
poly4:x:1003:1002:,,,:/newhome:/bin/bash
poly5:x:1004:1003:,,,:/home/poly5:/bin/csh
root@polystudent-virtual-machine:~# tail /etc/gr
groff/  group   group-  grub.d/ 
root@polystudent-virtual-machine:~# tail /etc/group
pulse:x:132:
pulse-access:x:133:
gdm:x:134:
lxd:x:135:polystudent
polystudent:x:1000:
sambashare:x:136:polystudent
poly1:x:1001:
poly2:x:1111:
poly4:x:1002:
poly5:x:1003:
root@polystudent-virtual-machine:~# usermod -shell /bin/csh poly1
Usage: usermod [options] LOGIN


root@polystudent-virtual-machine:~# usermod --shell /bin/csh poly1
root@polystudent-virtual-machine:~# usermod --groups /bin/csh poly1
usermod: '/bin/csh' 그룹이 없습니다
root@polystudent-virtual-machine:~# usermod --groups /bin/csh poly1
usermod: '/bin/csh' 그룹이 없습니다
root@polystudent-virtual-machine:~# usermod --groups newhome /bin/csh poly1
usermod: 'newhome' 그룹이 없습니다
root@polystudent-virtual-machine:~# usermod --groups /newhome/bin/csh poly1
usermod: '/newhome/bin/csh' 그룹이 없습니다
root@polystudent-virtual-machine:~# usermod --groups polystudent /bin/csh poly1
Usage: usermod [options] LOGIN

root@polystudent-virtual-machine:~# usermod --groups polystudent /bin/csh poly1
Usage: usermod [options] LOGIN

root@polystudent-virtual-machine:~# head /etc/passwd
root:x:0:0:root:/root:/bin/bash
daemon:x:1:1:daemon:/usr/sbin:/usr/sbin/nologin
bin:x:2:2:bin:/bin:/usr/sbin/nologin
sys:x:3:3:sys:/dev:/usr/sbin/nologin
sync:x:4:65534:sync:/bin:/bin/sync
games:x:5:60:games:/usr/games:/usr/sbin/nologin
man:x:6:12:man:/var/cache/man:/usr/sbin/nologin
lp:x:7:7:lp:/var/spool/lpd:/usr/sbin/nologin
mail:x:8:8:mail:/var/mail:/usr/sbin/nologin
news:x:9:9:news:/var/spool/news:/usr/sbin/nologin
root@polystudent-virtual-machine:~# usermod --groups polystudent /bin/csh poly1
Usage: usermod [options] LOGIN


root@polystudent-virtual-machine:~# nano /etc/passwd
root@polystudent-virtual-machine:~# usermod --groups polystudent /bin/csh poly1
Usage: usermod [options] LOGIN


root@polystudent-virtual-machine:~# usermod --groups polystudent /bin/csh poly1
Usage: usermod [options] LOGIN

root@polystudent-virtual-machine:~# nano /etc/pass
root@polystudent-virtual-machine:~# nano /etc/passwd
root@polystudent-virtual-machine:~# ls /home
poly1  poly2  poly3  poly5  polystudent  t2.txt  t5.txt
root@polystudent-virtual-machine:~# ls /
apple  cdrom  home   lib64       media  newhome  root  snap      sys   usr
bin    dev    lib    libx32      melon  opt      run   srv       test  var
boot   etc    lib32  lost+found  mnt    proc     sbin  swapfile  tmp
root@polystudent-virtual-machine:~# ls /newhome
root@polystudent-virtual-machine:~# userdel -r poly5
'userdel: poly5 mail spool (/var/mail/poly5) not found
root@polystudent-virtual-machine:~# ls /home
poly1  poly2  poly3  polystudent  t2.txt  t5.txt
root@polystudent-virtual-machine:~# nano /etc/passwd
root@polystudent-virtual-machine:~# 

   